workspace(name = "some_example_workspace")

load("@bazel_tools//tools/build_defs/repo:http.bzl", "http_archive")

local_repository(
    name = "tink_cc",
    path = "/tmp/git/tink_cc",
)

local_repository(
    name = "tink_cc_awskms",
    path = "/tmp/git/tink_cc_awskms",
)

local_repository(
    name = "tink_cc_gcpkms",
    path = "/tmp/git/tink_cc_gcpkms",
)

local_repository(
    name = "tink_py",
    path = "/tmp/git/tink_py",
)

# -------------------------------------------------------------------------
# Bazel Gazelle.
# -------------------------------------------------------------------------
# Release from 2021-10-11.
http_archive(
    name = "bazel_gazelle",
    sha256 = "de69a09dc70417580aabf20a28619bb3ef60d038470c7cf8442fafcf627c21cb",
    urls = [
        "https://mirror.bazel.build/github.com/bazelbuild/bazel-gazelle/releases/download/v0.24.0/bazel-gazelle-v0.24.0.tar.gz",
        "https://github.com/bazelbuild/bazel-gazelle/releases/download/v0.24.0/bazel-gazelle-v0.24.0.tar.gz",
    ],
)

load("@bazel_gazelle//:deps.bzl", "gazelle_dependencies")
